Script started on Sun 03 May 2020 09:42:27 AM EDT
tuser@tutor-vserver:~$ exitmtip -f echo.lnxscp natialex@users.cs.umb.edu:cs341/mp3_linux/echo.* .[C[C[C[C[C[C[C[C[C[C[C[C[C[C[C[C[C[C[C[C[C[C[Cexit[Kmtip -f echo.lnxexit[Kscp natialex@users.cs.umb.edu:cs341/mp3_linux/echo.* .[C[C[C[C[C[C[C[C[C[C[C[C[C[C[C[C[C[C[C[C[C[C[Cmtip -f echo.lnx[Kexit[K[Kexitmtip -f echo.lnxscp natialex@users.cs.umb.edu:cs341/mp3_linux/echo.* .[C[C[C[C[C[C[C[C[C[C[C[C[C[C[C[C[C[C[C[C[C[C[Cexit[Kmtip -f echo.lnxscp natialex@users.cs.umb.edu:cs341/mp3_linux/echo.* .[C[C[C[C[C[C[C[C[C[C[C[C[C[C[C[C[C[C[C[C[C[C[Cexit[Kscp natialex@users.cs.umb.edu:cs341/mp3_linux/echo.* .[K[K[K[K[K[K[K[K[K[K[K[K[K[K[K[K4_linuxx/[K[K/measure.* . [A[C[C[C[C[C[C[C[C[C[C[C[C[C[C[C[C[C[C[C[C[C[C[C[C[C[C[C[C[C[C[C[C[C[C[C[C[C[C[C[C[C[C[C[C[C[C[C[C[C[C[C[C[C[C[C[C[C[C[C[C[C[C[C[C[C[C[C[C[C[C[C[C[C[C[C[C[C[C[C[K.
natialex@users.cs.umb.edu's password: 
measure.c                                       0%    0     0.0KB/s   --:-- ETAmeasure.c                                     100% 2409     2.4KB/s   00:00    
measure.lnx                                     0%    0     0.0KB/s   --:-- ETAmeasure.lnx                                   100%   21KB  21.3KB/s   00:00    
measure.o                                       0%    0     0.0KB/s   --:-- ETAmeasure.o                                     100% 6052     5.9KB/s   00:00    
measure.syms                                    0%    0     0.0KB/s   --:-- ETAmeasure.syms                                  100% 1495     1.5KB/s   00:01    
tuser@tutor-vserver:~$ scp natialex@users.cs.umb.edu:cs341/mp4_linux/measure.* . [A[C[C[C[C[C[C[C[C[C[C[C[C[C[C[C[C[C[C[C[C[C[C[C[C[C[C[C[C[C[C[C[C[C[C[C[C[C[C[C[C[C[C[C[C[C[C[C[C[C[C[C[C[C[C[C[C[C[C[C[C[C[C[C[C[C[C[C[C[C[C[C[C[C[C[C[C[C[C[C[K
[K[A[C[C[C[C[C[C[C[C[C[C[C[C[C[C[C[C[C[C[C[C[C[C[C[C[C[C[C[C[C[C[C[C[C[C[C[C[C[C[C[C[C[C[C[C[C[C[C[C[C[C[C[C[C[C[C[C[C[C[C[C[C[C[C[C[C[C[C[C[C[C[C[C[C[C[C[C[C[C[C[K[K[K[K[K[K[K[K[K[KcharGen1.c[K*  . 
natialex@users.cs.umb.edu's password: 
Permission denied, please try again.
natialex@users.cs.umb.edu's password: 
charGen1.c                                      0%    0     0.0KB/s   --:-- ETAcharGen1.c                                    100% 8704     8.5KB/s   00:00    
tuser@tutor-vserver:~$ gcc -o charGen1 C[KcharGen1.cc[K
tuser@tutor-vserver:~$ ls
[0m[01;32mcharGen1[0m     measure.o                       part3.txt         [01;34mtestaout[0m
charGen1.c   measure.syms                    [01;32mprintbin.lnx[0m      test.c
[01;32mcount.lnx[0m    midterm_gdb_typescript          printbin.o        [01;34mtestelf[0m
count.o      midterm_gdb_vm_typescript       printbin.s        testelf.syms
count.s      midterm_vm_run_typescript       printbin.syms     test.s
count.syms   mp2_part1_gdb_typescript        Q2.txt            [01;32mtiny.lnx[0m
[01;32mecho.lnx[0m     mp2_part1_prog_run_typescript   stop              tiny.o
echo.o       mp2_part1_prog_run_typescript1  [01;32mstrncpy.lnx[0m       tiny.s
echo.s       mp2_part2_gdb_typescript        strncpy.o         tutor.c
echo.script  mp2_part2_prog_run_typescript   strncpy.s         [01;32mtutor.lnx[0m
echo.syms    mp2_part3_gdb_typescript        strncpy.syms      tutor.o
[01;34minclude[0m      mp2_part3_vm_typescript         [01;32mstruct_diff.lnx[0m   typescript
[01;34mlib[0m          mp2_warmup_gdb_typescript       struct_diff.o     typescript1
measure.c    mp4_part1_vserver1              struct_diff.s
[01;32mmeasure.lnx[0m  part2.txt                       struct_diff.syms
tuser@tutor-vserver:~$ mtip -f measure.lnx
For command help, type ~?
For help on args, rerun without args
Code starts at 0x100100
Using board # 1 
Please type <CR> to confirm console setting: 
Setting console dev to COM2Console: colour EGA+ 80x25
COM1 at 0x03f8 (irq = 4) is a 16550A
COM2 at 0x02f8 (irq = 3) is a 16550A

                 Welcome to UMB Tutor for the PC
   UMB Tutor is a 32-bit protected-mode PC debugger/downloader,
       based on Linux, UMB Tutor for m68k, and remote gdb.
UMB Tutor is free software and you are welcome to distribute copies
of it under certain conditions.  There is no warranty for this program.
The copyright and warranty provisions follow the Gnu general public
license, available for view in gdb and elsewhere.  Full sources available.
--bugs, suggestions, questions to eoneil@cs.umb.edu

Exception 3 at EIP=00057a9b: Breakpoint
Tutor> ~downloading measure.lnx

.......Done.

Download done, setting EIP to 100100.
Tutor> go 100100
Calling set_intr_gate (irq = 3, n = 0x23) to arm interrupt...
Commanding PIC to interrupt CPU for irq 3 (COM2_IRQ)
enabling receiver interrupts in UART...
...done, entering almost-infinite loop

time interval= 37074645 us for char=A
time interval= 988657 us for char=B
time interval= 988657 us for char=C
time interval= 988657 us for char=D
time interval= 988657 us for char=E
time interval= 1043582 us for char=F
time interval= 988657 us for char=G
time interval= 988657 us for char=0
time interval= 2032239 us for char=1
time interval= 1977314 us for char=2
time interval= 2032239 us for char=3
time interval= 1977314 us for char=4
time interval= 1977314 us for char=5
time interval= 2032239 us for char=6
time interval= 1977314 us for char=a
time interval= 3020897 us for char=b
time interval= 2965971 us for char=c
time interval= 3020897 us for char=d
time interval= 3020897 us for char=e
time interval= 2965971 us for char=f
time interval= 3020897 us for char=g
time interval= 3020897 us for char=M
time interval= 54925 us for char=N
time interval= 54925 us for char=O
time interval= 54925 us for char=P
time interval= 109850 us for char=Q
time interval= 54925 us for char=R
time interval= 54925 us for char=S
time interval= 109850 us for char=0
time interval= 54925 us for char=1
time interval= 54925 us for char=2
time interval= 109850 us for char=3
time interval= 54925 us for char=4
time interval= 109850 us for char=5
time interval= 54925 us for char=6
time interval= 109850 us for char=m
time interval= 109850 us for char=n
time interval= 54925 us for char=o
time interval= 109850 us for char=p
time interval= 54925 us for char=q
time interval= 109850 us for char=r
time interval= 109850 us for char=s
time interval= 86068103 us for char=A
time interval= 988657 us for char=B
time interval= 988657 us for char=C
time interval= 1043582 us for char=D
time interval= 988657 us for char=E
time interval= 988657 us for char=F
time interval= 988657 us for char=G
time interval= 988657 us for char=0
time interval= 2032239 us for char=1
time interval= 1977314 us for char=2
time interval= 2032239 us for char=3
time interval= 1977314 us for char=4
time interval= 2032239 us for char=5
time interval= 1977314 us for char=6
time interval= 1977314 us for char=a
time interval= 3020897 us for char=b
time interval= 3020897 us for char=c
time interval= 2965971 us for char=d
time interval= 3020897 us for char=e
time interval= 3020897 us for char=f
time interval= 2965971 us for char=g
time interval= 3020897 us for char=M
time interval= 54925 us for char=N
time interval= 54925 us for char=O
time interval= 109850 us for char=P
time interval= 54925 us for char=Q
time interval= 54925 us for char=R
time interval= 109850 us for char=S
time interval= 54925 us for char=0
time interval= 54925 us for char=1
time interval= 109850 us for char=2
time interval= 54925 us for char=3
time interval= 109850 us for char=4
time interval= 54925 us for char=5
time interval= 109850 us for char=6
time interval= 54925 us for char=m
time interval= 109850 us for char=n
time interval= 54925 us for char=o
time interval= 109850 us for char=p
time interval= 109850 us for char=q
time interval= 54925 us for char=r
time interval= 109850 us for char=s
time interval= 17466277 us for char=A
time interval= 988657 us for char=B
time interval= 988657 us for char=C
time interval= 1043582 us for char=D
time interval= 988657 us for char=E
time interval= 988657 us for char=F
time interval= 988657 us for char=G
time interval= 1043582 us for char=0
time interval= 1977314 us for char=1
time interval= 1977314 us for char=2
time interval= 2032239 us for char=3
time interval= 1977314 us for char=4
time interval= 2032239 us for char=5
time interval= 1977314 us for char=6
time interval= 2032239 us for char=a
time interval= 2965971 us for char=b
time interval= 3020897 us for char=c
time interval= 2965971 us for char=d
time interval= 3020897 us for char=e
time interval= 3020897 us for char=f
time interval= 2965971 us for char=g
time interval= 3020897 us for char=M
time interval= 54925 us for char=N
time interval= 109850 us for char=O
time interval= 54925 us for char=P
time interval= 54925 us for char=Q
time interval= 54925 us for char=R
time interval= 109850 us for char=S
time interval= 54925 us for char=0
time interval= 54925 us for char=1
time interval= 109850 us for char=2
time interval= 54925 us for char=3
time interval= 109850 us for char=4
time interval= 54925 us for char=5
time interval= 109850 us for char=6
time interval= 54925 us for char=m
time interval= 109850 us for char=n
time interval= 109850 us for char=o
time interval= 54925 us for char=p
time interval= 109850 us for char=q
time interval= 54925 us for char=r
time interval= 109850 us for char=s~q 
Quit handler: 
killing process 1869 Leaving board #1
tuser@tutor-vserver:~$ exit
exit

Script done on Sun 03 May 2020 09:53:49 AM EDT
